#-----------------------------------------------------------
# Vivado v2019.1 (64-bit)
# SW Build 2552052 on Fri May 24 14:49:42 MDT 2019
# IP Build 2548770 on Fri May 24 18:01:18 MDT 2019
# Start of session at: Thu Oct 24 18:05:05 2019
# Process ID: 1196
# Current directory: C:/Users/asgei/Desktop/RSA/RSA
# Command line: vivado.exe -gui_launcher_event rodinguilauncherevent8396 C:\Users\asgei\Desktop\RSA\RSA\RSA.xpr
# Log file: C:/Users/asgei/Desktop/RSA/RSA/vivado.log
# Journal file: C:/Users/asgei/Desktop/RSA/RSA\vivado.jou
#-----------------------------------------------------------
start_gui
open_project C:/Users/asgei/Desktop/RSA/RSA/RSA.xpr
update_compile_order -fileset sources_1
launch_simulation
source Core_tb.tcl
close_sim
launch_simulation
source Core_tb.tcl
close_sim
launch_simulation
source Core_tb.tcl
close_sim
launch_simulation
source Core_tb.tcl
close_sim
launch_simulation
source Core_tb.tcl
close_sim
launch_simulation
source Core_tb.tcl
close_sim
launch_simulation
source Core_tb.tcl
close_sim
launch_simulation
source Core_tb.tcl
update_compile_order -fileset sources_1
update_compile_order -fileset sources_1
update_compile_order -fileset sources_1
update_compile_order -fileset sources_1
update_compile_order -fileset sources_1
update_compile_order -fileset sources_1
update_compile_order -fileset sources_1
update_compile_order -fileset sources_1
close_sim
launch_simulation
launch_simulation
source Core_tb.tcl
close_sim
launch_simulation
source Core_tb.tcl
close_sim
launch_simulation
source Core_tb.tcl
close_sim
launch_simulation
source Core_tb.tcl
close_sim
launch_simulation
source Core_tb.tcl
close_sim
launch_simulation
source Core_tb.tcl
close_sim
launch_simulation
source Core_tb.tcl
close_sim
launch_simulation
source Core_tb.tcl
close_sim
launch_simulation
source Core_tb.tcl
close_sim
launch_simulation
source Core_tb.tcl
close_sim
launch_simulation
source Core_tb.tcl
close_sim
launch_simulation
source Core_tb.tcl
close_sim
launch_simulation
source Core_tb.tcl
close_sim
launch_simulation
source Core_tb.tcl
close_sim
launch_simulation
source Core_tb.tcl
close_sim
launch_simulation
source Core_tb.tcl
close_sim
launch_simulation
source Core_tb.tcl
close_sim
launch_simulation
source Core_tb.tcl
close_sim
launch_simulation
launch_simulation
source Core_tb.tcl
