#-----------------------------------------------------------
# Vivado v2019.1 (64-bit)
# SW Build 2552052 on Fri May 24 14:49:42 MDT 2019
# IP Build 2548770 on Fri May 24 18:01:18 MDT 2019
# Start of session at: Wed Nov 20 10:45:12 2019
# Process ID: 5592
# Current directory: C:/Users/asgei/Desktop/manuals/RSA/intergration_kit_RSA/RSA_accelerator/RSA_accelerator
# Command line: vivado.exe -gui_launcher_event rodinguilauncherevent5820 C:\Users\asgei\Desktop\manuals\RSA\intergration_kit_RSA\RSA_accelerator\RSA_accelerator\RSA_accelerator.xpr
# Log file: C:/Users/asgei/Desktop/manuals/RSA/intergration_kit_RSA/RSA_accelerator/RSA_accelerator/vivado.log
# Journal file: C:/Users/asgei/Desktop/manuals/RSA/intergration_kit_RSA/RSA_accelerator/RSA_accelerator\vivado.jou
#-----------------------------------------------------------
start_gui
open_project C:/Users/asgei/Desktop/manuals/RSA/intergration_kit_RSA/RSA_accelerator/RSA_accelerator/RSA_accelerator.xpr
update_compile_order -fileset sources_1
launch_simulation
open_wave_config C:/Users/asgei/Desktop/manuals/RSA/intergration_kit_RSA/RSA_accelerator/RSA_accelerator/RSA_accelerator_tb_behav.wcfg
source RSA_accelerator_tb.tcl
run 200 ms
relaunch_sim
run 100 ms
relaunch_sim
run 20 ms
relaunch_sim
run 20 ms
current_wave_config {RSA_accelerator_tb_behav.wcfg}
add_wave {{/rsa_accelerator_tb/u_rsa_core/i_exponentiation/i_CTRL/ready_out}} 
current_wave_config {RSA_accelerator_tb_behav.wcfg}
add_wave {{/rsa_accelerator_tb/u_rsa_core/i_exponentiation/i_CTRL/jmp}} 
relaunch_sim
run 20 ms
relaunch_sim
run 20 ms
relaunch_sim
run 20 ms
run 200 ms
relaunch_sim
run 10 ms
relaunch_sim
run 10 ms
relaunch_sim
run 10 ms
relaunch_sim
run 10 ms
relaunch_sim
run 10 ms
run 30 ms
relaunch_sim
run 30 ms
run 100 ms
close_sim
